[    0.000000] Initializing cgroup subsys cpuset
[    0.000000] Initializing cgroup subsys cpu
[    0.000000] Initializing cgroup subsys cpuacct
[    0.000000] Linux version 4.4.0-170-generic (buildd@lcy01-amd64-019) (gcc version 5.4.0 20160609 (Ubuntu 5.4.0-6ubuntu1~16.04.12) ) #199-Ubuntu SMP Thu Nov 14 01:45:04 UTC 2019 (Ubuntu 4.4.0-170.199-generic 4.4.200)
[    0.000000] Command line: BOOT_IMAGE=/boot/vmlinuz-4.4.0-170-generic root=LABEL=cloudimg-rootfs ro console=tty1 console=ttyS0
[    0.000000] KERNEL supported cpus:
[    0.000000]   Intel GenuineIntel
[    0.000000]   AMD AuthenticAMD
[    0.000000]   Centaur CentaurHauls
[    0.000000] x86/fpu: xstate_offset[2]:  576, xstate_sizes[2]:  256
[    0.000000] x86/fpu: Supporting XSAVE feature 0x01: 'x87 floating point registers'
[    0.000000] x86/fpu: Supporting XSAVE feature 0x02: 'SSE registers'
[    0.000000] x86/fpu: Supporting XSAVE feature 0x04: 'AVX registers'
[    0.000000] x86/fpu: Enabled xstate features 0x7, context size is 832 bytes, using 'standard' format.
[    0.000000] e820: BIOS-provided physical RAM map:
[    0.000000] BIOS-e820: [mem 0x0000000000000000-0x000000000009fbff] usable
[    0.000000] BIOS-e820: [mem 0x000000000009fc00-0x000000000009ffff] reserved
[    0.000000] BIOS-e820: [mem 0x00000000000f0000-0x00000000000fffff] reserved
[    0.000000] BIOS-e820: [mem 0x0000000000100000-0x000000003ffeffff] usable
[    0.000000] BIOS-e820: [mem 0x000000003fff0000-0x000000003fffffff] ACPI data
[    0.000000] BIOS-e820: [mem 0x00000000fec00000-0x00000000fec00fff] reserved
[    0.000000] BIOS-e820: [mem 0x00000000fee00000-0x00000000fee00fff] reserved
[    0.000000] BIOS-e820: [mem 0x00000000fffc0000-0x00000000ffffffff] reserved
[    0.000000] NX (Execute Disable) protection: active
[    0.000000] SMBIOS 2.5 present.
[    0.000000] Hypervisor detected: KVM
[    0.000000] e820: last_pfn = 0x3fff0 max_arch_pfn = 0x400000000
[    0.000000] MTRR: Disabled
[    0.000000] x86/PAT: MTRRs disabled, skipping PAT initialization too.
[    0.000000] CPU MTRRs all blank - virtualized system.
[    0.000000] x86/PAT: Configuration [0-7]: WB  WT  UC- UC  WB  WT  UC- UC  
[    0.000000] found SMP MP-table at [mem 0x0009fff0-0x0009ffff] mapped at [ffff88000009fff0]
[    0.000000] Scanning 1 areas for low memory corruption
[    0.000000] RAMDISK: [mem 0x362fa000-0x37174fff]
[    0.000000] ACPI: Early table checksum verification disabled
[    0.000000] ACPI: RSDP 0x00000000000E0000 000024 (v02 VBOX  )
[    0.000000] ACPI: XSDT 0x000000003FFF0030 00003C (v01 VBOX   VBOXXSDT 00000001 ASL  00000061)
[    0.000000] ACPI: FACP 0x000000003FFF00F0 0000F4 (v04 VBOX   VBOXFACP 00000001 ASL  00000061)
[    0.000000] ACPI: DSDT 0x000000003FFF0470 0022EA (v02 VBOX   VBOXBIOS 00000002 INTL 20100528)
[    0.000000] ACPI: FACS 0x000000003FFF0200 000040
[    0.000000] ACPI: FACS 0x000000003FFF0200 000040
[    0.000000] ACPI: APIC 0x000000003FFF0240 00005C (v02 VBOX   VBOXAPIC 00000001 ASL  00000061)
[    0.000000] ACPI: SSDT 0x000000003FFF02A0 0001CC (v01 VBOX   VBOXCPUT 00000002 INTL 20100528)
[    0.000000] No NUMA configuration found
[    0.000000] Faking a node at [mem 0x0000000000000000-0x000000003ffeffff]
[    0.000000] NODE_DATA(0) allocated [mem 0x3ffeb000-0x3ffeffff]
[    0.000000] kvm-clock: Using msrs 4b564d01 and 4b564d00
[    0.000000] kvm-clock: cpu 0, msr 0:3ffe3001, primary cpu clock
[    0.000000] kvm-clock: using sched offset of 3284154835 cycles
[    0.000000] clocksource: kvm-clock: mask: 0xffffffffffffffff max_cycles: 0x1cd42e4dffb, max_idle_ns: 881590591483 ns
[    0.000000] Zone ranges:
[    0.000000]   DMA      [mem 0x0000000000001000-0x0000000000ffffff]
[    0.000000]   DMA32    [mem 0x0000000001000000-0x000000003ffeffff]
[    0.000000]   Normal   empty
[    0.000000]   Device   empty
[    0.000000] Movable zone start for each node
[    0.000000] Early memory node ranges
[    0.000000]   node   0: [mem 0x0000000000001000-0x000000000009efff]
[    0.000000]   node   0: [mem 0x0000000000100000-0x000000003ffeffff]
[    0.000000] Initmem setup node 0 [mem 0x0000000000001000-0x000000003ffeffff]
[    0.000000] ACPI: PM-Timer IO Port: 0x4008
[    0.000000] IOAPIC[0]: apic_id 2, version 32, address 0xfec00000, GSI 0-23
[    0.000000] ACPI: INT_SRC_OVR (bus 0 bus_irq 0 global_irq 2 dfl dfl)
[    0.000000] ACPI: INT_SRC_OVR (bus 0 bus_irq 9 global_irq 9 low level)
[    0.000000] Using ACPI (MADT) for SMP configuration information
[    0.000000] smpboot: Allowing 2 CPUs, 0 hotplug CPUs
[    0.000000] PM: Registered nosave memory: [mem 0x00000000-0x00000fff]
[    0.000000] PM: Registered nosave memory: [mem 0x0009f000-0x0009ffff]
[    0.000000] PM: Registered nosave memory: [mem 0x000a0000-0x000effff]
[    0.000000] PM: Registered nosave memory: [mem 0x000f0000-0x000fffff]
[    0.000000] e820: [mem 0x40000000-0xfebfffff] available for PCI devices
[    0.000000] Booting paravirtualized kernel on KVM
[    0.000000] clocksource: refined-jiffies: mask: 0xffffffff max_cycles: 0xffffffff, max_idle_ns: 7645519600211568 ns
[    0.000000] setup_percpu: NR_CPUS:512 nr_cpumask_bits:512 nr_cpu_ids:2 nr_node_ids:1
[    0.000000] PERCPU: Embedded 33 pages/cpu @ffff88003fc00000 s95448 r8192 d31528 u1048576
[    0.000000] Built 1 zonelists in Node order, mobility grouping on.  Total pages: 257912
[    0.000000] Policy zone: DMA32
[    0.000000] Kernel command line: BOOT_IMAGE=/boot/vmlinuz-4.4.0-170-generic root=LABEL=cloudimg-rootfs ro console=tty1 console=ttyS0
[    0.000000] PID hash table entries: 4096 (order: 3, 32768 bytes)
[    0.000000] Memory: 997728K/1048120K available (8626K kernel code, 1336K rwdata, 4036K rodata, 1488K init, 1288K bss, 50392K reserved, 0K cma-reserved)
[    0.000000] SLUB: HWalign=64, Order=0-3, MinObjects=0, CPUs=2, Nodes=1
[    0.000000] Kernel/User page tables isolation: enabled
[    0.000000] Hierarchical RCU implementation.
[    0.000000] 	Build-time adjustment of leaf fanout to 64.
[    0.000000] 	RCU restricting CPUs from NR_CPUS=512 to nr_cpu_ids=2.
[    0.000000] RCU: Adjusting geometry for rcu_fanout_leaf=64, nr_cpu_ids=2
[    0.000000] NR_IRQS:33024 nr_irqs:440 16
[    0.000000] Console: colour VGA+ 80x25
[    0.000000] console [tty1] enabled
[    0.000000] console [ttyS0] enabled
[    0.000000] tsc: Detected 2712.002 MHz processor
[    0.139044] Calibrating delay loop (skipped) preset value.. 5424.00 BogoMIPS (lpj=10848008)
[    0.140950] pid_max: default: 32768 minimum: 301
[    0.141971] ACPI: Core revision 20150930
[    0.143910] ACPI: 2 ACPI AML tables successfully acquired and loaded
[    0.145497] Security Framework initialized
[    0.146450] Yama: becoming mindful.
[    0.147399] AppArmor: AppArmor initialized
[    0.148546] Dentry cache hash table entries: 131072 (order: 8, 1048576 bytes)
[    0.151706] Inode-cache hash table entries: 65536 (order: 7, 524288 bytes)
[    0.153714] Mount-cache hash table entries: 2048 (order: 2, 16384 bytes)
[    0.155096] Mountpoint-cache hash table entries: 2048 (order: 2, 16384 bytes)
[    0.156665] Initializing cgroup subsys io
[    0.157580] Initializing cgroup subsys memory
[    0.158721] Initializing cgroup subsys devices
[    0.159718] Initializing cgroup subsys freezer
[    0.160703] Initializing cgroup subsys net_cls
[    0.161835] Initializing cgroup subsys perf_event
[    0.163485] Initializing cgroup subsys net_prio
[    0.164938] Initializing cgroup subsys hugetlb
[    0.166262] Initializing cgroup subsys pids
[    0.168548] mce: CPU supports 0 MCE banks
[    0.169710] Last level iTLB entries: 4KB 64, 2MB 8, 4MB 8
[    0.171030] Last level dTLB entries: 4KB 64, 2MB 0, 4MB 0, 1GB 4
[    0.172443] Spectre V1 : Mitigation: usercopy/swapgs barriers and __user pointer sanitization
[    0.174438] Spectre V2 : Mitigation: Full generic retpoline
[    0.175797] Spectre V2 : Spectre v2 / SpectreRSB mitigation: Filling RSB on context switch
[    0.177768] Speculative Store Bypass: Vulnerable
[    0.179020] MDS: Vulnerable: Clear CPU buffers attempted, no microcode
[    0.183902] Freeing SMP alternatives memory: 36K
[    0.192097] ftrace: allocating 32302 entries in 127 pages
[    0.255717] smpboot: APIC(0) Converting physical 0 to logical package 0
[    0.257107] smpboot: Max logical packages: 1
[    0.258300] x2apic enabled
[    0.259252] Switched APIC routing to physical x2apic.
[    0.261453] ..TIMER: vector=0x30 apic1=0 pin1=2 apic2=-1 pin2=-1
[    0.370876] smpboot: CPU0: Intel(R) Core(TM) i5-7200U CPU @ 2.50GHz (family: 0x6, model: 0x8e, stepping: 0x9)
[    0.373101] Performance Events: unsupported p6 CPU model 142 no PMU driver, software events only.
[    0.386301] KVM setup paravirtual spinlock
[    0.387810] x86: Booting SMP configuration:
[    0.388616] .... node  #0, CPUs:      #1
[    0.389442] kvm-clock: cpu 1, msr 0:3ffe3041, secondary cpu clock
[    0.391926] mce: CPU supports 0 MCE banks
[    0.394389] x86: Booted up 1 node, 2 CPUs
[    0.395380] smpboot: Total of 2 processors activated (10848.00 BogoMIPS)
[    0.396869] devtmpfs: initialized
[    0.399367] evm: security.selinux
[    0.400067] evm: security.SMACK64
[    0.400775] evm: security.SMACK64EXEC
[    0.401569] evm: security.SMACK64TRANSMUTE
[    0.402560] evm: security.SMACK64MMAP
[    0.403301] evm: security.ima
[    0.404026] evm: security.capability
[    0.404922] clocksource: jiffies: mask: 0xffffffff max_cycles: 0xffffffff, max_idle_ns: 7645041785100000 ns
[    0.406688] futex hash table entries: 512 (order: 3, 32768 bytes)
[    0.407916] pinctrl core: initialized pinctrl subsystem
[    0.408968] RTC time: 14:34:26, date: 12/19/19
[    0.409955] NET: Registered protocol family 16
[    0.424645] cpuidle: using governor ladder
[    0.436418] cpuidle: using governor menu
[    0.437595] PCCT header not found.
[    0.438655] ACPI: bus type PCI registered
[    0.439714] acpiphp: ACPI Hot Plug PCI Controller Driver version: 0.5
[    0.441285] PCI: Using configuration type 1 for base access
[    0.457243] ACPI: Added _OSI(Module Device)
[    0.458387] ACPI: Added _OSI(Processor Device)
[    0.459480] ACPI: Added _OSI(3.0 _SCP Extensions)
[    0.460614] ACPI: Added _OSI(Processor Aggregator Device)
[    0.462729] ACPI: Executed 1 blocks of module-level executable AML code
[    0.466760] ACPI: Interpreter enabled
[    0.467726] ACPI: (supports S0 S5)
[    0.468642] ACPI: Using IOAPIC for interrupt routing
[    0.470033] PCI: Using host bridge windows from ACPI; if necessary, use "pci=nocrs" and report a bug
[    0.476330] ACPI: PCI Root Bridge [PCI0] (domain 0000 [bus 00-ff])
[    0.477789] acpi PNP0A03:00: _OSC: OS supports [ASPM ClockPM Segments MSI]
[    0.479699] acpi PNP0A03:00: _OSC: not requesting OS control; OS requires [ExtendedConfig ASPM ClockPM MSI]
[    0.481956] acpi PNP0A03:00: fail to add MMCONFIG information, can't access extended PCI configuration space under this bridge.
[    0.484648] PCI host bridge to bus 0000:00
[    0.485561] pci_bus 0000:00: root bus resource [io  0x0000-0x0cf7 window]
[    0.486862] pci_bus 0000:00: root bus resource [io  0x0d00-0xffff window]
[    0.488158] pci_bus 0000:00: root bus resource [mem 0x000a0000-0x000bffff window]
[    0.489743] pci_bus 0000:00: root bus resource [mem 0x40000000-0xfdffffff window]
[    0.491344] pci_bus 0000:00: root bus resource [bus 00-ff]
[    0.494164] pci 0000:00:01.1: legacy IDE quirk: reg 0x10: [io  0x01f0-0x01f7]
[    0.495469] pci 0000:00:01.1: legacy IDE quirk: reg 0x14: [io  0x03f6]
[    0.496647] pci 0000:00:01.1: legacy IDE quirk: reg 0x18: [io  0x0170-0x0177]
[    0.497897] pci 0000:00:01.1: legacy IDE quirk: reg 0x1c: [io  0x0376]
[    0.527380] pci 0000:00:07.0: quirk: [io  0x4000-0x403f] claimed by PIIX4 ACPI
[    0.528972] pci 0000:00:07.0: quirk: [io  0x4100-0x410f] claimed by PIIX4 SMB
[    0.541249] ACPI: PCI Interrupt Link [LNKA] (IRQs 5 9 10 *11)
[    0.543101] ACPI: PCI Interrupt Link [LNKB] (IRQs 5 9 *10 11)
[    0.544734] ACPI: PCI Interrupt Link [LNKC] (IRQs 5 *9 10 11)
[    0.546435] ACPI: PCI Interrupt Link [LNKD] (IRQs 5 9 10 *11)
[    0.548121] ACPI: Enabled 2 GPEs in block 00 to 07
[    0.549546] vgaarb: setting as boot device: PCI:0000:00:02.0
[    0.550559] vgaarb: device added: PCI:0000:00:02.0,decodes=io+mem,owns=io+mem,locks=none
[    0.552168] vgaarb: loaded
[    0.552765] vgaarb: bridge control possible 0000:00:02.0
[    0.553971] SCSI subsystem initialized
[    0.554770] ACPI: bus type USB registered
[    0.555567] usbcore: registered new interface driver usbfs
[    0.556542] usbcore: registered new interface driver hub
[    0.557501] usbcore: registered new device driver usb
[    0.558618] PCI: Using ACPI for IRQ routing
[    0.559736] NetLabel: Initializing
[    0.560425] NetLabel:  domain hash size = 128
[    0.561245] NetLabel:  protocols = UNLABELED CIPSOv4
[    0.563338] NetLabel:  unlabeled traffic allowed by default
[    0.564481] amd_nb: Cannot enumerate AMD northbridges
[    0.565451] clocksource: Switched to clocksource kvm-clock
[    0.573590] AppArmor: AppArmor Filesystem Enabled
[    0.574580] pnp: PnP ACPI init
[    0.575985] pnp: PnP ACPI: found 3 devices
[    0.586231] clocksource: acpi_pm: mask: 0xffffff max_cycles: 0xffffff, max_idle_ns: 2085701024 ns
[    0.587881] NET: Registered protocol family 2
[    0.588867] TCP established hash table entries: 8192 (order: 4, 65536 bytes)
[    0.590081] TCP bind hash table entries: 8192 (order: 5, 131072 bytes)
[    0.591213] TCP: Hash tables configured (established 8192 bind 8192)
[    0.592316] UDP hash table entries: 512 (order: 2, 16384 bytes)
[    0.593340] UDP-Lite hash table entries: 512 (order: 2, 16384 bytes)
[    0.594472] NET: Registered protocol family 1
[    0.595307] pci 0000:00:00.0: Limiting direct PCI/PCI transfers
[    0.596348] pci 0000:00:01.0: Activating ISA DMA hang workarounds
[    0.597541] Unpacking initramfs...
[    0.819777] Freeing initrd memory: 14828K
[    0.820797] clocksource: tsc: mask: 0xffffffffffffffff max_cycles: 0x2717880cafa, max_idle_ns: 440795252614 ns
[    0.822883] platform rtc_cmos: registered platform RTC device (no PNP device found)
[    0.824440] Scanning for low memory corruption every 60 seconds
[    0.825966] audit: initializing netlink subsys (disabled)
[    0.827116] audit: type=2000 audit(1576766072.095:1): initialized
[    0.828501] Initialise system trusted keyring
[    0.829760] HugeTLB registered 2 MB page size, pre-allocated 0 pages
[    0.832226] zbud: loaded
[    0.833345] VFS: Disk quotas dquot_6.6.0
[    0.834287] VFS: Dquot-cache hash table entries: 512 (order 0, 4096 bytes)
[    0.835793] squashfs: version 4.0 (2009/01/31) Phillip Lougher
[    0.837308] fuse init (API version 7.23)
[    0.838311] Key type big_key registered
[    0.839166] Allocating IMA MOK and blacklist keyrings.
[    0.842841] Key type asymmetric registered
[    0.843630] Asymmetric key parser 'x509' registered
[    0.844607] Block layer SCSI generic (bsg) driver version 0.4 loaded (major 249)
[    0.846059] io scheduler noop registered
[    0.846821] io scheduler deadline registered (default)
[    0.847761] io scheduler cfq registered
[    0.848612] pci_hotplug: PCI Hot Plug PCI Core version: 0.5
[    0.849656] pciehp: PCI Express Hot Plug Controller Driver version: 0.4
[    0.850895] ACPI: AC Adapter [AC] (on-line)
[    0.851759] input: Power Button as /devices/LNXSYSTM:00/LNXPWRBN:00/input/input0
[    0.853177] ACPI: Power Button [PWRF]
[    0.854003] input: Sleep Button as /devices/LNXSYSTM:00/LNXSLPBN:00/input/input1
[    0.855418] ACPI: Sleep Button [SLPF]
[    0.856843] ACPI: Battery Slot [BAT0] (battery present)
[    0.857879] GHES: HEST is not enabled!
[    0.858705] Serial: 8250/16550 driver, 32 ports, IRQ sharing enabled
[    0.880320] 00:02: ttyS0 at I/O 0x3f8 (irq = 4, base_baud = 115200) is a 16550A
[    0.882778] Linux agpgart interface v0.103
[    0.885780] loop: module loaded
[    0.887190] scsi host0: ata_piix
[    0.888127] scsi host1: ata_piix
[    0.888905] ata1: PATA max UDMA/33 cmd 0x1f0 ctl 0x3f6 bmdma 0xd000 irq 14
[    0.890464] ata2: PATA max UDMA/33 cmd 0x170 ctl 0x376 bmdma 0xd008 irq 15
[    0.891823] libphy: Fixed MDIO Bus: probed
[    0.892835] tun: Universal TUN/TAP device driver, 1.6
[    0.893935] tun: (C) 1999-2004 Max Krasnyansky <maxk@qualcomm.com>
[    0.895166] PPP generic driver version 2.4.2
[    0.896116] ehci_hcd: USB 2.0 'Enhanced' Host Controller (EHCI) Driver
[    0.897511] ehci-pci: EHCI PCI platform driver
[    0.898481] ehci-platform: EHCI generic platform driver
[    0.899499] ohci_hcd: USB 1.1 'Open' Host Controller (OHCI) Driver
[    0.900640] ohci-pci: OHCI PCI platform driver
[    0.901582] ohci-platform: OHCI generic platform driver
[    0.902620] uhci_hcd: USB Universal Host Controller Interface driver
[    0.903861] i8042: PNP: PS/2 Controller [PNP0303:PS2K,PNP0f03:PS2M] at 0x60,0x64 irq 1,12
[    0.906059] serio: i8042 KBD port at 0x60,0x64 irq 1
[    0.907122] serio: i8042 AUX port at 0x60,0x64 irq 12
[    0.908242] mousedev: PS/2 mouse device common for all mice
[    0.909797] rtc_cmos rtc_cmos: rtc core: registered rtc_cmos as rtc0
[    0.911029] rtc_cmos rtc_cmos: alarms up to one day, 114 bytes nvram
[    0.912270] i2c /dev entries driver
[    0.913051] input: AT Translated Set 2 keyboard as /devices/platform/i8042/serio0/input/input2
[    0.914902] device-mapper: uevent: version 1.0.3
[    0.915923] device-mapper: ioctl: 4.34.0-ioctl (2015-10-28) initialised: dm-devel@redhat.com
[    0.917564] ledtrig-cpu: registered to indicate activity on CPUs
[    0.919813] NET: Registered protocol family 10
[    0.921040] NET: Registered protocol family 17
[    0.922108] Key type dns_resolver registered
[    0.923221] registered taskstats version 1
[    0.924297] Loading compiled-in X.509 certificates
[    0.925840] Loaded X.509 cert 'Build time autogenerated kernel key: f0e56e97f406068ace47a9bf54316e9855aaaa43'
[    0.927768] zswap: loaded using pool lzo/zbud
[    0.931066] Key type trusted registered
[    0.935978] Key type encrypted registered
[    0.936872] AppArmor: AppArmor sha1 policy hashing enabled
[    0.938136] ima: No TPM chip found, activating TPM-bypass!
[    0.939194] ima: Allocated hash algorithm: sha1
[    0.940106] evm: HMAC attrs: 0x1
[    0.941326]   Magic number: 15:977:586
[    0.942240] rtc_cmos rtc_cmos: setting system clock to 2019-12-19 14:34:27 UTC (1576766067)
[    0.944006] BIOS EDD facility v0.16 2004-Jun-25, 0 devices found
[    0.945094] EDD information not available.
[    1.053396] Freeing unused kernel memory: 1488K
[    1.056983] Write protecting the kernel read-only data: 14336k
[    1.062402] Freeing unused kernel memory: 1604K
[    1.066036] Freeing unused kernel memory: 60K
Loading, please wait...
starting version 229
[    1.101945] random: systemd-udevd: uninitialized urandom read (16 bytes read, 3 bits of entropy available)
[    1.103374] random: udevadm: uninitialized urandom read (16 bytes read, 3 bits of entropy available)
[    1.103475] random: udevadm: uninitialized urandom read (16 bytes read, 3 bits of entropy available)
[    1.117218] random: systemd-udevd: uninitialized urandom read (16 bytes read, 3 bits of entropy available)
[    1.120646] random: systemd-udevd: uninitialized urandom read (16 bytes read, 3 bits of entropy available)
[    1.121188] random: udevadm: uninitialized urandom read (16 bytes read, 3 bits of entropy available)
[    1.121225] random: udevadm: uninitialized urandom read (16 bytes read, 3 bits of entropy available)
[    1.121336] random: udevadm: uninitialized urandom read (16 bytes read, 3 bits of entropy available)
[    1.121377] random: udevadm: uninitialized urandom read (16 bytes read, 3 bits of entropy available)
[    1.121415] random: udevadm: uninitialized urandom read (16 bytes read, 3 bits of entropy available)
[    1.175723] Fusion MPT base driver 3.04.20
[    1.176561] Copyright (c) 1999-2008 LSI Corporation
[    1.180261] AVX2 version of gcm_enc/dec engaged.
[    1.181149] AES CTR mode by8 optimization enabled
[    1.183237] e1000: Intel(R) PRO/1000 Network Driver - version 7.3.21-k8-NAPI
[    1.184450] e1000: Copyright (c) 1999-2006 Intel Corporation.
[    1.197643] Fusion MPT SPI Host driver 3.04.20
[    1.383245] input: ImExPS/2 Generic Explorer Mouse as /devices/platform/i8042/serio1/input/input4
[    1.576270] e1000 0000:00:03.0 eth0: (PCI:33MHz:32-bit) 02:dd:45:a7:5d:a0
[    1.577742] e1000 0000:00:03.0 eth0: Intel(R) PRO/1000 Network Connection
[    1.580085] mptbase: ioc0: Initiating bringup
[    1.657376] ioc0: LSI53C1030 A0: Capabilities={Initiator}
[    2.688238] scsi host2: ioc0: LSI53C1030 A0, FwRev=00000000h, Ports=1, MaxQ=256, IRQ=20
[    2.941868] scsi 2:0:0:0: Direct-Access     VBOX     HARDDISK         1.0  PQ: 0 ANSI: 5
[    2.947741] scsi target2:0:0: Beginning Domain Validation
[    2.956212] scsi target2:0:0: Domain Validation skipping write tests
[    2.960122] scsi target2:0:0: Ending Domain Validation
[    2.963910] scsi target2:0:0: asynchronous
[    2.968857] scsi 2:0:1:0: Direct-Access     VBOX     HARDDISK         1.0  PQ: 0 ANSI: 5
[    2.974346] scsi target2:0:1: Beginning Domain Validation
[    2.979520] scsi target2:0:1: Domain Validation skipping write tests
[    2.981128] scsi target2:0:1: Ending Domain Validation
[    2.982698] scsi target2:0:1: asynchronous
[    2.998721] sd 2:0:0:0: Attached scsi generic sg0 type 0
[    3.013413] sd 2:0:0:0: [sda] 20971520 512-byte logical blocks: (10.7 GB/10.0 GiB)
[    3.015281] sd 2:0:0:0: [sda] Write Protect is off
[    3.016296] sd 2:0:0:0: [sda] Incomplete mode parameter data
[    3.017318] sd 2:0:0:0: [sda] Assuming drive cache: write through
[    3.019482] sd 2:0:1:0: [sdb] 20480 512-byte logical blocks: (10.5 MB/10.0 MiB)
[    3.021156] sd 2:0:1:0: [sdb] Write Protect is off
[    3.022221] sd 2:0:1:0: [sdb] Incomplete mode parameter data
[    3.023342] sd 2:0:1:0: [sdb] Assuming drive cache: write through
[    3.024444]  sda: sda1
[    3.025778] sd 2:0:0:0: [sda] Attached SCSI disk
[    3.026886] sd 2:0:1:0: Attached scsi generic sg1 type 0
[    3.029746] sd 2:0:1:0: [sdb] Attached SCSI disk
[    3.314155] e1000 0000:00:08.0 eth1: (PCI:33MHz:32-bit) 08:00:27:da:3b:8a
[    3.315369] e1000 0000:00:08.0 eth1: Intel(R) PRO/1000 Network Connection
[    3.317452] e1000 0000:00:03.0 enp0s3: renamed from eth0
[    3.329971] e1000 0000:00:08.0 enp0s8: renamed from eth1
Begin: Loading essential drivers ... [    4.695678] md: linear personality registered for level -1
[    4.699487] md: multipath personality registered for level -4
[    4.703244] md: raid0 personality registered for level 0
[    4.708101] md: raid1 personality registered for level 1
[    4.777477] raid6: sse2x1   gen() 10442 MB/s
[    4.845788] raid6: sse2x1   xor()  7704 MB/s
[    4.914036] raid6: sse2x2   gen() 12223 MB/s
[    4.981479] raid6: sse2x2   xor()  8857 MB/s
[    5.049709] raid6: sse2x4   gen() 14454 MB/s
[    5.118021] raid6: sse2x4   xor()  9798 MB/s
[    5.185463] raid6: avx2x1   gen() 19794 MB/s
[    5.253678] raid6: avx2x2   gen() 23227 MB/s
[    5.322038] raid6: avx2x4   gen() 25889 MB/s
[    5.322909] raid6: using algorithm avx2x4 gen() 25889 MB/s
[    5.323960] raid6: using avx2x2 recovery algorithm
[    5.326296] xor: automatically using best checksumming function:
[    5.365930]    avx       : 25150.000 MB/sec
[    5.368166] async_tx: api initialized (async)
[    5.378314] md: raid6 personality registered for level 6
[    5.379408] md: raid5 personality registered for level 5
[    5.380429] md: raid4 personality registered for level 4
[    5.387459] md: raid10 personality registered for level 10
done.
Begin: Running /scripts/init-premount ... done.
Begin: Mounting root file system ... Begin: Running /scripts/local-top ... done.
Begin: Running /scripts/local-premount ... [    5.416503] Btrfs loaded
Scanning for Btrfs filesystems
done.
Warning: fsck not present, so skipping root file system
[    5.450872] EXT4-fs (sda1): mounted filesystem with ordered data mode. Opts: (null)
done.
Begin: Running /scripts/local-bottom ... done.
Begin: Running /scripts/init-bottom ... done.
[    5.562193] systemd[1]: systemd 229 running in system mode. (+PAM +AUDIT +SELINUX +IMA +APPARMOR +SMACK +SYSVINIT +UTMP +LIBCRYPTSETUP +GCRYPT +GNUTLS +ACL +XZ -LZ4 +SECCOMP +BLKID +ELFUTILS +KMOD -IDN)
[    5.565625] systemd[1]: Detected virtualization oracle.
[    5.566754] systemd[1]: Detected architecture x86-64.

Welcome to [1mUbuntu 16.04.6 LTS[0m!

[    5.571267] systemd[1]: Set hostname to <ubuntu>.
[    5.574670] systemd[1]: Initializing machine ID from random generator.
[    5.576166] systemd[1]: Installed transient /etc/machine-id file.
[    5.719635] systemd[1]: Reached target Encrypted Volumes.
[[0;32m  OK  [0m] Reached target Encrypted Volumes.
[    5.721470] systemd[1]: Listening on Journal Audit Socket.
[[0;32m  OK  [0m] Listening on Journal Audit Socket.
[    5.723550] systemd[1]: Created slice System Slice.
[[0;32m  OK  [0m] Created slice System Slice.
[    5.725310] systemd[1]: Set up automount Arbitrary Executable File Formats File System Automount Point.
[[0;32m  OK  [0m] Set up automount Arbitrary Executab...ats File System Automount Point.
[    5.728282] systemd[1]: Created slice User and Session Slice.
[[0;32m  OK  [0m] Created slice User and Session Slice.
[    5.730092] systemd[1]: Listening on LVM2 poll daemon socket.
[[0;32m  OK  [0m] Listening on LVM2 poll daemon socket.
[    5.731902] systemd[1]: Listening on Device-mapper event daemon FIFOs.
[[0;32m  OK  [0m] Listening on Device-mapper event daemon FIFOs.
[    5.733873] systemd[1]: Started Trigger resolvconf update for networkd DNS.
[[0;32m  OK  [0m] Started Trigger resolvconf update for networkd DNS.
[    5.735992] systemd[1]: Listening on Journal Socket (/dev/log).
[[0;32m  OK  [0m] Listening on Journal Socket (/dev/log).
[    5.737967] systemd[1]: Started Forward Password Requests to Wall Directory Watch.
[[0;32m  OK  [0m] Started Forward Password Requests to Wall Directory Watch.
[    5.740563] systemd[1]: Listening on udev Control Socket.
[[0;32m  OK  [0m] Listening on udev Control Socket.
[    5.742226] systemd[1]: Reached target Swap.
[[0;32m  OK  [0m] Reached target Swap.
[    5.743609] systemd[1]: Listening on udev Kernel Socket.
[[0;32m  OK  [0m] Listening on udev Kernel Socket.
[    5.745182] systemd[1]: Reached target System Time Synchronized.
[[0;32m  OK  [0m] Reached target System Time Synchronized.
[    5.746931] systemd[1]: Listening on /dev/initctl Compatibility Named Pipe.
[[0;32m  OK  [0m] Listening on /dev/initctl Compatibility Named Pipe.
[    5.748837] systemd[1]: Listening on LVM2 metadata daemon socket.
[[0;32m  OK  [0m] Listening on LVM2 metadata daemon socket.
[    5.750625] systemd[1]: Reached target User and Group Name Lookups.
[[0;32m  OK  [0m] Reached target User and Group Name Lookups.
[    5.752785] systemd[1]: Created slice system-serial\x2dgetty.slice.
[[0;32m  OK  [0m] Created slice system-serial\x2dgetty.slice.
[    5.754686] systemd[1]: Listening on Journal Socket.
[[0;32m  OK  [0m] Listening on Journal Socket.
[    5.769862] systemd[1]: Starting Load Kernel Modules...
         Starting Load Kernel Modules...
[    5.772693] systemd[1]: Starting Monitoring of LVM2 mirrors, snapshots etc. using dmeventd or progress polling...
         Starting Monitoring of LVM2 mirrors... dmeventd or progress polling...
[    5.778602] systemd[1]: Starting Remount Root and Kernel File Systems...
         Starting Remount Root and Kernel File Systems...
[    5.782507] systemd[1]: Starting Uncomplicated firewall...
[    5.783845] Loading iSCSI transport class v2.0-870.
         Starting Uncomplicated firewall...
[    5.786608] systemd[1]: Mounting Debug File System...
         Mounting Debug File System...
[    5.790587] systemd[1]: Mounting Huge Pages File System...
         Mounting Huge Pages File System...
[    5.797314] EXT4-fs (sda1): re-mounted. Opts: (null)
[    5.797529] systemd[1]: Starting Nameserver information manager...
         Starting Nameserver information manager...
[    5.801056] systemd[1]: Starting Set console keymap...
         Starting Set console keymap...
[    5.804055] systemd[1]: Mounting POSIX Message Queue File System...
[    5.806106] iscsi: registered transport (tcp)
         Mounting POSIX Message Queue File System...
[    5.808687] systemd[1]: Starting Create list of required static device nodes for the current kernel...
         Starting Create list of required st... nodes for the current kernel...
[    5.812903] systemd[1]: Listening on Syslog Socket.
[[0;32m  OK  [0m] Listening on Syslog Socket.
[    5.815702] systemd[1]: Starting Journal Service...
         Starting Journal Service...
[    5.817680] systemd[1]: Reached target Slices.
[[0;32m  OK  [0m] Reached target Slices.
[    5.822181] systemd[1]: Mounted POSIX Message Queue File System.
[[0;32m  OK  [0m] Mounted POSIX Message Queue File System.
[    5.824840] systemd[1]: Mounted Debug File System.
[[0;32m  OK  [0m] Mounted Debug File System.
[    5.828052] systemd[1]: Mounted Huge Pages File System.
[[0;32m  OK  [0m] Mounted Huge Pages File System.
[    5.832453] systemd[1]: Started Remount Root and Kernel File Systems.
[[0;32m  OK  [0m] Started Remount Root and Kernel File Systems.
[    5.838994] systemd[1]: Started Uncomplicated firewall.
[[0;32m  OK  [0m] Started Uncomplicated firewall.
[    5.855989] iscsi: registered transport (iser)
[    5.858109] systemd[1]: Started Load Kernel Modules.
[[0;32m  OK  [0m] Started Load Kernel Modules.
[    5.860402] systemd[1]: Started Set console keymap.
[[0;32m  OK  [0m] Started Set console keymap.
[    5.862995] systemd[1]: Started Create list of required static device nodes for the current kernel.
[[0;32m  OK  [0m] Started Create list of required sta...ce nodes for the current kernel.
[    5.866181] systemd[1]: Started Nameserver information manager.
[[0;32m  OK  [0m] Started Nameserver information manager.
[    5.870183] systemd[1]: Started Journal Service.
[[0;32m  OK  [0m] Started Journal Service.
[[0;32m  OK  [0m] Started LVM2 metadata daemon.
         Starting Create Static Device Nodes in /dev...
         Mounting FUSE Control File System...
         Starting Apply Kernel Variables...
         Starting udev Coldplug all Devices...
         Starting Load/Save Random Seed...
         Starting Flush Journal to Persistent Storage...
[[0;32m  OK  [0m] Mounted FUSE Control File System.
[[0;32m  OK  [0m] Started Load/Save Random Seed.
[    5.896686] systemd-journald[399]: Received request to flush runtime journal from PID 1
[[0;32m  OK  [0m] Started Apply Kernel Variables.
[[0;32m  OK  [0m] Started Flush Journal to Persistent Storage.
[[0;32m  OK  [0m] Started Create Static Device Nodes in /dev.
         Starting udev Kernel Device Manager...
[[0;32m  OK  [0m] Started udev Coldplug all Devices.
[[0;32m  OK  [0m] Started udev Kernel Device Manager.
[[0;32m  OK  [0m] Started Dispatch Password Requests to Console Directory Watch.
[[0;32m  OK  [0m] Found device /dev/ttyS0.
[[0;32m  OK  [0m] Listening on Load/Save RF Kill Switch Status /dev/rfkill Watch.
[[0;32m  OK  [0m] Started Monitoring of LVM2 mirrors,...ng dmeventd or progress polling.
[[0;32m  OK  [0m] Reached target Local File Systems (Pre).
[[0;32m  OK  [0m] Reached target Local File Systems.
         Starting Commit a transient machine-id on disk...
         Starting Tell Plymouth To Write Out Runtime Data...
         Starting Create Volatile Files and Directories...
         Starting Set console font and keymap...
         Starting LSB: AppArmor initialization...
         Starting Initial cloud-init job (pre-networking)...
[[0;32m  OK  [0m] Started Commit a transient machine-id on disk.
[[0;32m  OK  [0m] Started Tell Plymouth To Write Out Runtime Data.
[[0;32m  OK  [0m] Started Create Volatile Files and Directories.
         Starting Update UTMP about System Boot/Shutdown...
[[0;32m  OK  [0m] Started Update UTMP about System Boot/Shutdown.
[[0;32m  OK  [0m] Started Set console font and keymap.
[[0;32m  OK  [0m] Created slice system-getty.slice.
[[0;32m  OK  [0m] Started LSB: AppArmor initialization.
[    7.766703] cloud-init[647]: Cloud-init v. 19.2-36-g059d049c-0ubuntu2~16.04.1 running 'init-local' at Thu, 19 Dec 2019 14:34:34 +0000. Up 7.39 seconds.
[[0;32m  OK  [0m] Started Initial cloud-init job (pre-networking).
[[0;32m  OK  [0m] Reached target Network (Pre).
         Starting Raise network interfaces...
[[0;32m  OK  [0m] Started Raise network interfaces.
[[0;32m  OK  [0m] Reached target Network.
         Starting Initial cloud-init job (metadata service crawler)...
[    8.935243] cloud-init[964]: Cloud-init v. 19.2-36-g059d049c-0ubuntu2~16.04.1 running 'init' at Thu, 19 Dec 2019 14:34:34 +0000. Up 8.25 seconds.
[    8.945053] cloud-init[964]: ci-info: ++++++++++++++++++++++++++++++++++++++Net device info+++++++++++++++++++++++++++++++++++++++
[    8.952868] cloud-init[964]: ci-info: +--------+-------+----------------------------+---------------+--------+-------------------+
[    8.960661] cloud-init[964]: ci-info: | Device |   Up  |          Address           |      Mask     | Scope  |     Hw-Address    |
[    8.968517] cloud-init[964]: ci-info: +--------+-------+----------------------------+---------------+--------+-------------------+
[    8.976425] cloud-init[964]: ci-info: | enp0s3 |  True |         10.0.2.15          | 255.255.255.0 | global | 02:dd:45:a7:5d:a0 |
[[0;32m  OK  [0m] Started Initial cloud-init job (metadata service crawler).
[[0;32m  OK  [0m] Reached target Network is Online.
[    8.994247] cloud-init[964]: ci-info: | enp0s3 |  True | fe80::dd:45ff:fea7:5da0/64 |       .       |  link  | 02:dd:45:a7:5d:a0 |
[    8.997646] cloud-init[964]: ci-info: | enp0s8 | False |             .              |       .       |   .    | 08:00:27:da:3b:8a |
[    8.999124] cloud-init[964]: ci-info: |   lo   |  True |         127.0.0.1          |   255.0.0.0   |  host  |         .         |
[    9.000582] cloud-init[964]: ci-info: |   lo   |  True |          ::1/128           |       .       |  host  |         .         |
[    9.002083] cloud-init[964]: ci-info: +--------+-------+----------------------------+---------------+--------+-------------------+
[    9.003580] cloud-init[964]: ci-info: +++++++++++++++++++++++++++Route IPv4 info++++++++++++++++++++++++++++
[    9.004921] cloud-init[964]: ci-info: +-------+-------------+----------+---------------+-----------+-------+
[    9.006225] cloud-init[964]: ci-info: | Route | Destination | Gateway  |    Genmask    | Interface | Flags |
[    9.007601] cloud-init[964]: ci-info: +-------+-------------+----------+---------------+-----------+-------+
[    9.009606]          Starting iSCSI initiator daemon (iscsid)...
[[0;32m  OK  [0m] Reached target Cloud-config availability.
[[0;32m  OK  [0m] Reached target System Initialization.
[[0;32m  OK  [0m] Started Message of the Day.
[[0;32m  OK  [0m] Started Daily apt download activities.
[[0;32m  OK  [0m] Listening on D-Bus System Message Bus Socket.
cloud-init[964]: ci-info: |   0   |   0.0.0.0   | 10.0.2.2 |    0.0.0.0    |   enp0s3  |   UG  |
[    9.014488] [[0;32m  OK  [0m] Started ACPI Events Check.
[[0;32m  OK  [0m] Reached target Paths.
[[0;32m  OK  [0m] Listening on ACPID Listen Socket.
         Starting Socket activation for snappy daemon.
[[0;32m  OK  [0m] Started Daily apt upgrade and clean activities.
[[0;32m  OK  [0m] Listening on UUID daemon activation socket.
cloud-init[964]: ci-info: |   1   |   10.0.2.0  | 0.0.0.0  | 255.255.255.0 |   enp0s3  |   U   |
[    9.018982]          Starting LXD - unix socket.
[[0;32m  OK  [0m] Started Daily Cleanup of Temporary Directories.
[[0;32m  OK  [0m] Reached target Timers.
[[0;32m  OK  [0m] Listening on Socket activation for snappy daemon.
[[0;32m  OK  [0m] Listening on LXD - unix socket.
[[0;32m  OK  [0m] Reached target Sockets.
[[0;32m  OK  [0m] Reached target Basic System.
         Starting Pollinate to seed the pseudo random number generator...
[[0;32m  OK  [0m] Started D-Bus System Message Bus.
cloud-init[964]: ci-info: +-------+-------------+----------+---------------+-----------+-------+
[    9.026123] cloud-init[964]: ci-info: +++++++++++++++++++Route IPv6 info+++++++++++++++++++
[    9.027798] cloud-init[964]: ci-info: +-------+-------------+---------+-----------+-------+
[    9.032336] cloud-init[964]: ci-info: | Route | Destination | Gateway | Interface | Flags |
[    9.033827] cloud-init[964]: ci-info: +-------+-------------+---------+-----------+-------+
[    9.036158] cloud-init[964]: ci-info: |   0   |  fe80::/64  |    ::   |   enp0s3  |   U   |
[    9.038752] cloud-init[964]: ci-info: |   3   |   ff00::/8  |    ::   |   enp0s3  |   U   |
[    9.039922] cloud-init[964]: ci-info: +-------+-------------+---------+-----------+-------+
[    9.041522] cloud-init[964]: Generating public/private rsa key pair.
[    9.042420] cloud-init[964]: Your identification has been saved in /etc/ssh/ssh_host_rsa_key.
[    9.043448] cloud-init[964]: Your public key has been saved in /etc/ssh/ssh_host_rsa_key.pub.
[    9.044701] cloud-init[964]: The key fingerprint is:
[    9.045587] cloud-init[964]: SHA256:EOV6tLp0IZCBdN6aW5Duhe3EbR6rjbtnW82AqSSzrsQ root@ubuntu-xenial
[    9.047280] cloud-init[964]: The key's randomart image is:
[    9.048398] cloud-init[964]: +---[RSA 2048]----+
[    9.049404] cloud-init[964]: | ...o ...        |
[    9.050397] cloud-init[964]: |  .o = o         |
[    9.051395] cloud-init[964]: |    * o o        |
[    9.052629] cloud-init[964]: |   . O = +       |
[    9.053713] cloud-init[964]: |    B X S .      |
[    9.054728] cloud-init[964]: | . . @ B + +     |
[    9.055883] cloud-init[964]: |  E + = + . o    |
[    9.064916] cloud-init[964]: | . . . *o.       |
[    9.065942] cloud-init[964]: |  ... *=o.       |
[    9.066855] cloud-init[964]: +----[SHA256]-----+
[    9.067537] cloud-init[964]: Generating public/private dsa key pair.
         Starting /etc/rc.local Compatibility...
[    9.072074] cloud-init[964]: [[0;32m  OK  [0m] Started ACPI event daemon.
Your identification has been saved in /etc/ssh/ssh_host_dsa_key.[[0;32m  OK  [0m] Started Deferred execution scheduler.
[[0;32m  OK  [0m] Started FUSE filesystem for LXC.
         Starting Virtualbox guest utils...

[    9.078014]          Starting Login Service...
         Starting System Logging Service...
cloud-init         Starting Snappy daemon...
         Starting LSB: MD monitoring daemon...
         Starting LXD - container startup/shutdown...
         Starting LSB: Record successful boot for GRUB...
         Starting Accounts Service...
[[0;32m  OK  [0m] Started Regular background program processing daemon.
[[0;32m  OK  [0m] Started /etc/rc.local Compatibility.
[964]: Your public key has been saved in /etc/ssh/ssh_host_dsa_key.pub.
[    9.102133] cloud-init[964]: The key fingerprint is:
[    9.103461] cloud-init[964]: SHA256:WGDCv2tNEVdyHe4qvxZH2bME93SA+djE784hBZTGH4I root@ubuntu-xenial
[    9.104994] cloud-init[964]: The key's randomart image is:
[    9.108792] cloud-init[964]: +---[DSA 1024]----+
[    9.112804] cloud-init[964]: |   .. o   ..**+o |
[    9.114556] cloud-init[964]: |    .o .. .EoO+oo|
[    9.116509] cloud-init[964]: |     .  .o  .=B=+|
[    9.117712] cloud-init[964]: |      .o.   ..==+|
[    9.121473] cloud-init[964]: |      ..S.   .+.o|
[    9.123820] cloud-init[964]: |      . .   .o.o.|[[0;32m  OK  [0m] Started iSCSI initiator daemon (iscsid).

[    9.127256] cloud-init[964]: |       +  . .o.o.|
[    9.130658] cloud-init[964]: |      o .  o.   o|
[    9.132427] cloud-init[964]: |     .     .o.   |
[    9.133738] cloud-init[964]: +----[SHA256]-----+
[    9.134810] cloud-init[964]: Generating public/private ecdsa key pair.
[    9.136139] cloud-init[964]: Your identification has been saved in /etc/ssh/ssh_host_ecdsa_key.
[    9.137769] cloud-init[964]: Your public key has been saved in /etc/ssh/ssh_host_ecdsa_key.pub.
[    9.139582] cloud-init[964]:          Starting Login to default iSCSI targets...
The key fingerprint is:[[0;32m  OK  [0m] Started Login Service.
[[0;32m  OK  [0m] Started Unattended Upgrades Shutdown.

[    9.148582] cloud-init[964]: SHA256:+BzygqbLxFBNse2DA6QpnXQeURFpx59dc011y4+xzKc root@ubuntu-xenial
[    9.150248] cloud-init[964]: The key's randomart image is:
[    9.152264] cloud-init[964]: +---[ECDSA 256]---+
[    9.154079] cloud-init[964]: |  o *++=       .*|
[    9.156805] cloud-init[964]: | * * +o o     + =|
[    9.158074] cloud-init[964]: |+ = +... . o ..= |
[    9.160521] [[0;32m  OK  [0m] Started LSB: Record successful boot for GRUB.
cloud-init[964]: |.. . o .  o .o +.|
[    9.162527] cloud-init[964]: |.   o = S     = o|
[    9.163822] cloud-init[964]: | o   o * .     o |
[    9.165718] [[0;32m  OK  [0m] Started LSB: MD monitoring daemon.
cloud-init[964]: |  o o . +     E  |
[    9.171905] cloud-init[964]: | o o   .         |
[    9.173550] cloud-init[964]: |  +.             |
[    9.174698] cloud-init[964]: +----[SHA256]-----+
[    9.176145] cloud-init[964]: Generating public/private ed25519 key pair.
[    9.177650] cloud-init[964]: Your identification has been saved in /etc/ssh/ssh_host_ed25519_key.
[    9.179497] cloud-init[964]: Your public key has been saved in /etc/ssh/ssh_host_ed25519_key.pub.
[    9.181382] cloud-init[964]: The key fingerprint is:
[    9.182695] cloud-init[964]: SHA256:BwEwZOnRTcF/2WRmLUWwWQdh3euhVi3oCC2SeXseG88 root@ubuntu-xenial
[    9.184439] cloud-init[964]: The key's randomart image is:
[    9.185559] cloud-init[964]: +--[ED25519 256]--+
[    9.187461] cloud-init[964]: |   .=+.=+.    =O*|
[    9.194344] cloud-init[964]: |   .o.. o.   .*+=|
[    9.196088] cloud-init[964]: |   . . o.o   Oo.o|
[    9.197289] cloud-init[964]: |    . + +.o + o+.|
[    9.198594] cloud-init[964]: |       oS+.+  +..|
[    9.205658] cloud-init[964]: |        ..= .o . |
[    9.207433] cloud-init[964]: |         o *.    |
[    9.208980] cloud-init[964]: |          o E    |
[    9.216310] cloud-init[964]: |                 |
[    9.218007] cloud-init[964]: +----[SHA256]-----+
[[0;32m  OK  [0m] Started System Logging Service.
[[0;32m  OK  [0m] Started Login to default iSCSI targets.
[[0;32m  OK  [0m] Reached target Remote File Systems (Pre).
[[0;32m  OK  [0m] Reached target Remote File Systems.
         Starting LSB: Set the CPU Frequency Scaling governor to "ondemand"...
         Starting LSB: automatic crash report generation...
         Starting Permit User Sessions...
         Starting LSB: daemon to balance interrupts for SMP systems...
[[0;32m  OK  [0m] Started Permit User Sessions.
         Starting Terminate Plymouth Boot Screen...
         Starting Hold until boot process finishes up...
[[0;32m  OK  [0m] Started Hold until boot process finishes up.
         Starting Set console scheme...
[[0;32m  OK  [0m] Started Getty on tty1.
[[0;32m  OK  [0m] Started Serial Getty on ttyS0.
[[0;32m  OK  [0m] Reached target Login Prompts.
[[0;32m  OK  [0m] Started Terminate Plymouth Boot Screen.
[[0;32m  OK  [0m] Started Set console scheme.
[[0;32m  OK  [0m] Started Virtualbox guest utils.
[[0;32m  OK  [0m] Started LSB: Set the CPU Frequency Scaling governor to "ondemand".
         Starting Authenticate and Authorize Users to Run Privileged Tasks...
[[0;32m  OK  [0m] Started LSB: automatic crash report generation.
[[0;32m  OK  [0m] Started LSB: daemon to balance interrupts for SMP systems.
[[0;32m  OK  [0m] Started Authenticate and Authorize Users to Run Privileged Tasks.
[[0;32m  OK  [0m] Started Accounts Service.
[[0;32m  OK  [0m] Started LXD - container startup/shutdown.
[[0;32m  OK  [0m] Started Pollinate to seed the pseudo random number generator.
         Starting OpenBSD Secure Shell server...
[[0;32m  OK  [0m] Started OpenBSD Secure Shell server.
[[0;32m  OK  [0m] Started Snappy daemon.
         Starting Wait until snapd is fully seeded...
[[0;32m  OK  [0m] Started Wait until snapd is fully seeded.
         Starting Apply the settings specified in cloud-config...
[[0;32m  OK  [0m] Reached target Multi-User System.
[[0;32m  OK  [0m] Reached target Graphical Interface.
         Starting Update UTMP about System Runlevel Changes...
[[0;32m  OK  [0m] Started Update UTMP about System Runlevel Changes.
[   11.212650] cloud-init[1326]: Generating locales (this might take a while)...
[   12.354357] cloud-init[1326]:   en_US.UTF-8... done
[   12.356132] cloud-init[1326]: Generation complete.
[[0;32m  OK  [0m] Created slice User Slice of vagrant.
         Starting User Manager for UID 1000...
[[0;32m  OK  [0m] Started Session 1 of user vagrant.
[[0;32m  OK  [0m] Started User Manager for UID 1000.
[   12.710831] cloud-init[1326]: Cloud-init v. 19.2-36-g059d049c-0ubuntu2~16.04.1 running 'modules:config' at Thu, 19 Dec 2019 14:34:37 +0000. Up 11.11 seconds.
[[0;32m  OK  [0m] Started Apply the settings specified in cloud-config.
         Starting Execute cloud user/final scripts...
ci-info: no authorized ssh keys fingerprints found for user ubuntu.
<14>Dec 19 14:34:40 ec2: 
<14>Dec 19 14:34:40 ec2: #############################################################
<14>Dec 19 14:34:40 ec2: -----BEGIN SSH HOST KEY FINGERPRINTS-----
<14>Dec 19 14:34:40 ec2: 1024 SHA256:WGDCv2tNEVdyHe4qvxZH2bME93SA+djE784hBZTGH4I root@ubuntu-xenial (DSA)
<14>Dec 19 14:34:40 ec2: 256 SHA256:+BzygqbLxFBNse2DA6QpnXQeURFpx59dc011y4+xzKc root@ubuntu-xenial (ECDSA)
<14>Dec 19 14:34:40 ec2: 256 SHA256:BwEwZOnRTcF/2WRmLUWwWQdh3euhVi3oCC2SeXseG88 root@ubuntu-xenial (ED25519)
<14>Dec 19 14:34:40 ec2: 2048 SHA256:EOV6tLp0IZCBdN6aW5Duhe3EbR6rjbtnW82AqSSzrsQ root@ubuntu-xenial (RSA)
<14>Dec 19 14:34:40 ec2: -----END SSH HOST KEY FINGERPRINTS-----
<14>Dec 19 14:34:40 ec2: #############################################################
-----BEGIN SSH HOST KEY KEYS-----
ecdsa-sha2-nistp256 AAAAE2VjZHNhLXNoYTItbmlzdHAyNTYAAAAIbmlzdHAyNTYAAABBBArlEPmyEFLprvGqbjgSjL7/O2+MAh5gPpPHLmseh5X+jNzdCdZnTnvh2UjYugjTGUXIuCENWmpLWwDu+tY0FkM= root@ubuntu-xenial
ssh-ed25519 AAAAC3NzaC1lZDI1NTE5AAAAIMNbp7l+z9yLxH/6P3WzutCES7swQZXjANDzkpr/LQeU root@ubuntu-xenial
ssh-rsa AAAAB3NzaC1yc2EAAAADAQABAAABAQC7rdmHwqj2civR6+0ULwHItTtw/Ku9mDvVxKox2efFjmatqz7zpUqgyk72MfFjbgK+k6/q3TbpAgFqbzamW6c7WAt9LpdQZfeUQ1GK6HSfQ/eLfCUpbzYuJjH0czEMEmkQG0nfG4McxdwJCe4aq2rqIHQp10QNPrnUnTNhRCgDgNXd9qS1eI40mAg6wtoYfo736uD1umvjsARFVZ0KQMbHp4aX3Duuy6eAwYzufyN3Ur7DbzNpRGgms4Qx34QlOC6BD1wltl+dTG98/E3PrhlNgVvzCw6KSBsjmNPXnLFaLZ6Oq0unGU0nEpeXW/1cy4HB04F/M14LvZI4nNIEXGDv root@ubuntu-xenial
-----END SSH HOST KEY KEYS-----
[   13.473716] cloud-init[1434]: Cloud-init v. 19.2-36-g059d049c-0ubuntu2~16.04.1 running 'modules:final' at Thu, 19 Dec 2019 14:34:40 +0000. Up 13.30 seconds.
[   13.476033] cloud-init[1434]: ci-info: no authorized ssh keys fingerprints found for user ubuntu.
[   13.477484] cloud-init[1434]: Cloud-init v. 19.2-36-g059d049c-0ubuntu2~16.04.1 finished at Thu, 19 Dec 2019 14:34:40 +0000. Datasource DataSourceNoCloud [seed=/dev/sdb][dsmode=net].  Up 13.46 seconds
[[0;32m  OK  [0m] Started Execute cloud user/final scripts.
[[0;32m  OK  [0m] Reached target Cloud-init target.

Ubuntu 16.04.6 LTS ubuntu-xenial ttyS0

ubuntu-xenial login: 